mode: set
escapade/internal/services/api/api.go:27.92,34.50 3 0
escapade/internal/services/api/api.go:38.2,38.67 1 0
escapade/internal/services/api/api.go:42.2,42.8 1 0
escapade/internal/services/api/api.go:34.50,36.3 1 0
escapade/internal/services/api/api.go:38.67,40.3 1 0
escapade/internal/services/api/api.go:51.63,57.2 4 0
escapade/internal/services/api/api.go:67.73,75.56 3 1
escapade/internal/services/api/api.go:82.2,82.62 1 1
escapade/internal/services/api/api.go:89.2,91.8 3 1
escapade/internal/services/api/api.go:75.56,80.3 4 1
escapade/internal/services/api/api.go:82.62,87.3 4 0
escapade/internal/services/api/api.go:101.71,109.53 3 1
escapade/internal/services/api/api.go:116.2,116.55 1 1
escapade/internal/services/api/api.go:123.2,127.8 5 1
escapade/internal/services/api/api.go:109.53,114.3 4 1
escapade/internal/services/api/api.go:116.55,121.3 4 1
escapade/internal/services/api/api.go:138.74,147.40 3 1
escapade/internal/services/api/api.go:154.2,154.52 1 1
escapade/internal/services/api/api.go:161.2,161.60 1 1
escapade/internal/services/api/api.go:168.2,171.8 4 1
escapade/internal/services/api/api.go:147.40,152.3 4 1
escapade/internal/services/api/api.go:154.52,159.3 4 1
escapade/internal/services/api/api.go:161.60,166.3 4 1
escapade/internal/services/api/api.go:182.66,191.40 3 0
escapade/internal/services/api/api.go:198.2,198.62 1 0
escapade/internal/services/api/api.go:204.2,206.62 2 0
escapade/internal/services/api/api.go:213.2,215.8 3 0
escapade/internal/services/api/api.go:191.40,196.3 4 0
escapade/internal/services/api/api.go:198.62,203.3 4 0
escapade/internal/services/api/api.go:206.62,211.3 4 0
escapade/internal/services/api/api.go:226.67,233.59 3 0
escapade/internal/services/api/api.go:240.2,240.46 1 0
escapade/internal/services/api/api.go:247.2,251.8 5 0
escapade/internal/services/api/api.go:233.59,238.3 4 0
escapade/internal/services/api/api.go:240.46,245.3 4 0
escapade/internal/services/api/api.go:262.71,270.53 3 1
escapade/internal/services/api/api.go:277.2,277.49 1 1
escapade/internal/services/api/api.go:284.2,288.8 5 1
escapade/internal/services/api/api.go:270.53,275.3 4 1
escapade/internal/services/api/api.go:277.49,282.3 4 1
escapade/internal/services/api/api.go:300.75,310.59 3 0
escapade/internal/services/api/api.go:317.2,317.60 1 0
escapade/internal/services/api/api.go:324.2,327.8 4 0
escapade/internal/services/api/api.go:310.59,315.3 4 0
escapade/internal/services/api/api.go:317.60,322.3 4 0
escapade/internal/services/api/api.go:337.79,345.63 3 0
escapade/internal/services/api/api.go:352.2,354.40 3 0
escapade/internal/services/api/api.go:345.63,350.3 4 0
escapade/internal/services/api/api.go:366.69,374.42 3 0
escapade/internal/services/api/api.go:381.2,381.50 1 0
escapade/internal/services/api/api.go:388.2,390.40 3 0
escapade/internal/services/api/api.go:374.42,379.3 4 0
escapade/internal/services/api/api.go:381.50,386.3 4 0
escapade/internal/services/api/api.go:401.69,411.56 3 0
escapade/internal/services/api/api.go:418.2,418.55 1 0
escapade/internal/services/api/api.go:425.2,427.55 2 0
escapade/internal/services/api/api.go:434.2,436.40 3 0
escapade/internal/services/api/api.go:411.56,416.3 4 0
escapade/internal/services/api/api.go:418.55,423.3 4 0
escapade/internal/services/api/api.go:427.55,432.3 4 0
escapade/internal/services/api/api.go:447.70,457.56 3 0
escapade/internal/services/api/api.go:464.2,464.90 1 0
escapade/internal/services/api/api.go:471.2,478.18 6 0
escapade/internal/services/api/api.go:490.2,490.16 1 0
escapade/internal/services/api/api.go:497.2,497.56 1 0
escapade/internal/services/api/api.go:505.2,506.36 2 0
escapade/internal/services/api/api.go:457.56,462.3 4 0
escapade/internal/services/api/api.go:464.90,469.3 4 0
escapade/internal/services/api/api.go:479.20,480.69 1 0
escapade/internal/services/api/api.go:481.19,482.69 1 0
escapade/internal/services/api/api.go:483.10,487.9 4 0
escapade/internal/services/api/api.go:490.16,495.3 4 0
escapade/internal/services/api/api.go:497.56,503.3 5 0
escapade/internal/services/api/api.go:518.71,529.20 5 0
escapade/internal/services/api/api.go:537.2,537.62 1 0
escapade/internal/services/api/api.go:544.2,546.8 3 0
escapade/internal/services/api/api.go:529.20,535.3 5 0
escapade/internal/services/api/api.go:537.62,542.3 4 0
escapade/internal/services/api/getters.go:17.66,25.24 3 0
escapade/internal/services/api/getters.go:37.2,37.8 1 0
escapade/internal/services/api/getters.go:25.24,27.3 1 0
escapade/internal/services/api/getters.go:27.8,28.57 1 0
escapade/internal/services/api/getters.go:32.3,32.15 1 0
escapade/internal/services/api/getters.go:28.57,31.4 2 0
escapade/internal/services/api/getters.go:32.15,34.4 1 0
escapade/internal/services/api/getters.go:40.90,47.45 3 0
escapade/internal/services/api/getters.go:52.2,52.24 1 0
escapade/internal/services/api/getters.go:64.2,64.8 1 0
escapade/internal/services/api/getters.go:47.45,50.3 2 0
escapade/internal/services/api/getters.go:52.24,54.3 1 0
escapade/internal/services/api/getters.go:54.8,55.57 1 0
escapade/internal/services/api/getters.go:59.3,59.15 1 0
escapade/internal/services/api/getters.go:55.57,58.4 2 0
escapade/internal/services/api/getters.go:59.15,61.4 1 0
escapade/internal/services/api/getters.go:67.83,70.59 2 1
escapade/internal/services/api/getters.go:75.2,75.68 1 1
escapade/internal/services/api/getters.go:79.2,79.8 1 1
escapade/internal/services/api/getters.go:70.59,73.3 2 1
escapade/internal/services/api/getters.go:75.68,77.3 1 0
escapade/internal/services/api/getters.go:82.80,85.59 2 0
escapade/internal/services/api/getters.go:90.2,90.68 1 0
escapade/internal/services/api/getters.go:94.2,94.8 1 0
escapade/internal/services/api/getters.go:85.59,88.3 2 0
escapade/internal/services/api/getters.go:90.68,92.3 1 0
escapade/internal/services/api/getters.go:97.72,99.19 1 1
escapade/internal/services/api/getters.go:104.2,108.8 3 1
escapade/internal/services/api/getters.go:99.19,103.3 2 1
escapade/internal/services/api/getters.go:111.85,114.21 2 1
escapade/internal/services/api/getters.go:119.2,119.22 1 1
escapade/internal/services/api/getters.go:124.2,124.25 1 1
escapade/internal/services/api/getters.go:129.2,129.8 1 1
escapade/internal/services/api/getters.go:114.21,117.3 2 1
escapade/internal/services/api/getters.go:119.22,122.3 2 1
escapade/internal/services/api/getters.go:124.25,127.3 2 1
escapade/internal/services/api/init.go:10.87,17.2 2 1
escapade/internal/services/api/init.go:19.92,25.51 2 1
escapade/internal/services/api/init.go:29.2,29.56 1 1
escapade/internal/services/api/init.go:33.2,34.8 2 1
escapade/internal/services/api/init.go:25.51,27.3 1 0
escapade/internal/services/api/init.go:29.56,31.3 1 0
escapade/internal/services/api/result.go:10.59,11.20 1 1
escapade/internal/services/api/result.go:11.20,13.3 1 1
escapade/internal/services/api/result.go:13.8,15.3 1 1
escapade/internal/services/api/result.go:18.73,26.2 2 1
escapade/internal/services/api/result.go:28.80,29.19 1 1
escapade/internal/services/api/result.go:36.2,36.36 1 1
escapade/internal/services/api/result.go:29.19,35.3 1 1
escapade/internal/services/api/result.go:39.94,46.55 2 1
escapade/internal/services/api/result.go:50.2,51.12 2 1
escapade/internal/services/api/result.go:46.55,48.3 1 0
